TESTKIT_ELF_IDENTITY_VERSION=1
ELF=/home/ps2/src/PS-to-VNC-wire-q1-q12-hardware-proof/build/experiments/wire-q1-q12-proof/runs/P4I-PROD-REQUAL-HW1-20260919T220651Z/PS2VNC-Wire-Q1Q12-P4I-PROD-REQUAL-HW1.ELF
ELF_IDENTITY_BLOB_OFFSET=376568
ELF_IDENTITY_TEST_ID=WIRE-Q1Q12-P4I-PROD-REQUAL-HW1
ELF_IDENTITY_SHA256=70d786489fb894f5140fcaf0a021d38d7cb19ae24ef0ab6bcfbe9acd6d6e85f6
ELF_FINAL_SHA256=3eee608ef7b7956b703c6a049276aeacfc2cc34ec13f9e9391c139884fd01b8c
TESTKIT_STAMP_ELF_IDENTITY=PASS
TESTKIT_ELF_IDENTITY_VERSION=1
ELF=/home/ps2/src/PS-to-VNC-wire-q1-q12-hardware-proof/build/experiments/wire-q1-q12-proof/runs/P4I-PROD-REQUAL-HW1-20260919T220651Z/PS2VNC-Wire-Q1Q12-P4I-PROD-REQUAL-HW1.ELF
ELF_IDENTITY_BLOB_OFFSET=376568
ELF_IDENTITY_TEST_ID=WIRE-Q1Q12-P4I-PROD-REQUAL-HW1
ELF_IDENTITY_SHA256=70d786489fb894f5140fcaf0a021d38d7cb19ae24ef0ab6bcfbe9acd6d6e85f6
ELF_FINAL_SHA256=3eee608ef7b7956b703c6a049276aeacfc2cc34ec13f9e9391c139884fd01b8c
TESTKIT_VERIFY_ELF_IDENTITY=PASS
WHOLE_ELF_SIZE_CHANGED=NO
WHOLE_ELF_CHANGED_BYTE_COUNT=89
WHOLE_ELF_FIRST_CHANGED_OFFSET=376585
WHOLE_ELF_LAST_CHANGED_OFFSET=376712
PT_LOAD_SIZE_CHANGED=NO
PT_LOAD_CHANGED_BYTE_COUNT=89
PT_LOAD_FIRST_CHANGED_OFFSET=376457
PT_LOAD_LAST_CHANGED_OFFSET=376584
TESTKIT_PREPARE_HARDWARE_ELF_VERSION=2
IDENTITY_TOOL_AUTHORITY=SUCCESSOR_REPOSITORY
PRISTINE_ELF=/home/ps2/src/PS-to-VNC-wire-q1-q12-hardware-proof/build/experiments/wire-q1-q12-proof/p4i-productized-scheduling-requal-build/PS2VNC-Wire-Q1Q12-P4I-Productized-Scheduling-Requal-Pristine.ELF
PRISTINE_ELF_SHA256=3d1c2e426eb0ac9baa081d708530ea1c466bea400dbb67c7d63816cd917fa250
PRISTINE_ELF_BYTES=2436136
HARDWARE_TEST_ID=WIRE-Q1Q12-P4I-PROD-REQUAL-HW1
HARDWARE_ELF_IDENTITY_SHA256=70d786489fb894f5140fcaf0a021d38d7cb19ae24ef0ab6bcfbe9acd6d6e85f6
HARDWARE_STAMPED_ELF=/home/ps2/src/PS-to-VNC-wire-q1-q12-hardware-proof/build/experiments/wire-q1-q12-proof/runs/P4I-PROD-REQUAL-HW1-20260919T220651Z/PS2VNC-Wire-Q1Q12-P4I-PROD-REQUAL-HW1.ELF
HARDWARE_STAMPED_ELF_SHA256=3eee608ef7b7956b703c6a049276aeacfc2cc34ec13f9e9391c139884fd01b8c
HARDWARE_STAMPED_ELF_BYTES=2436136
PRISTINE_PT_LOAD_SHA256=8b9490d6956025c2f573d9660edb4e3b1fb4be2fd27c62fe6b83e654c20997fa
PRISTINE_PT_LOAD_BYTES=386824
HARDWARE_STAMPED_PT_LOAD_SHA256=ffa20b2aab8b1000a69cd3139e478e16492e08cd03fe1051c8f05922ca448aba
HARDWARE_STAMPED_PT_LOAD_BYTES=386824
IDENTITY_STAMP_PT_LOAD_RELATION=NONIDENTICAL
IDENTITY_STAMP_REPRODUCIBLE=YES
TESTKIT_PREPARE_HARDWARE_ELF=PASS
