rm -f PS2VNC.ELF ps2ip.o ps2vnc_runtime.o ps2vnc_framebuffer.o ps2vnc_ui_display.o ps2vnc_display.o ps2vnc_services.o ps2vnc_config_text.o ps2vnc_identity.o ps2vnc_gsHires.o DEV9_irx.o NETMAN_irx.o SMAP_irx.o DEV9_irx.c NETMAN_irx.c SMAP_irx.c
mips64r5900el-ps2-elf-gcc -D_EE -G0 -O2 -Wall -gdwarf-2 -gz  -I/usr/local/ps2dev/ps2sdk/ee/include -I/usr/local/ps2dev/ps2sdk/common/include -I. -I/usr/local/ps2dev/gsKit/include -c ps2ip.c -o ps2ip.o
mips64r5900el-ps2-elf-gcc -D_EE -G0 -O2 -Wall -gdwarf-2 -gz  -I/usr/local/ps2dev/ps2sdk/ee/include -I/usr/local/ps2dev/ps2sdk/common/include -I. -I/usr/local/ps2dev/gsKit/include -c ps2vnc_runtime.c -o ps2vnc_runtime.o
In file included from ps2vnc_runtime.c:284:
ps2vnc_runtime_support.inc:286:21: warning: 'hires_bg_storage_row' declared 'static' but never defined [-Wunused-function]
  286 | static unsigned int hires_bg_storage_row(unsigned int raster_y);
      |                     ^~~~~~~~~~~~~~~~~~~~
mips64r5900el-ps2-elf-gcc -D_EE -G0 -O2 -Wall -gdwarf-2 -gz  -I/usr/local/ps2dev/ps2sdk/ee/include -I/usr/local/ps2dev/ps2sdk/common/include -I. -I/usr/local/ps2dev/gsKit/include -c ps2vnc_framebuffer.c -o ps2vnc_framebuffer.o
In file included from ps2vnc_framebuffer.c:19:
ps2vnc_framebuffer_engine.inc:2318:12: warning: 'update_hires_background_region' defined but not used [-Wunused-function]
 2318 | static int update_hires_background_region(
      |            ^~~~~~~~~~~~~~~~~~~~~~~~~~~~~~
ps2vnc_framebuffer_engine.inc:1158:12: warning: 'sync_copy_hires_region' defined but not used [-Wunused-function]
 1158 | static int sync_copy_hires_region(
      |            ^~~~~~~~~~~~~~~~~~~~~~
mips64r5900el-ps2-elf-gcc -D_EE -G0 -O2 -Wall -gdwarf-2 -gz  -I/usr/local/ps2dev/ps2sdk/ee/include -I/usr/local/ps2dev/ps2sdk/common/include -I. -I/usr/local/ps2dev/gsKit/include -c ps2vnc_ui_display.c -o ps2vnc_ui_display.o
In file included from ps2vnc_ui_display.c:24:
ps2vnc_ui_controller.inc:806:13: warning: 'system_menu_render_bitmap' defined but not used [-Wunused-function]
  806 | static void system_menu_render_bitmap(void)
      |             ^~~~~~~~~~~~~~~~~~~~~~~~~
ps2vnc_ui_controller.inc:406:13: warning: 'display_menu_render_bitmap' defined but not used [-Wunused-function]
  406 | static void display_menu_render_bitmap(void)
      |             ^~~~~~~~~~~~~~~~~~~~~~~~~~
ps2vnc_ui_controller.inc:61:13: warning: 'display_restore_ack_render_bitmap' defined but not used [-Wunused-function]
   61 | static void display_restore_ack_render_bitmap(void)
      |             ^~~~~~~~~~~~~~~~~~~~~~~~~~~~~~~~~
ps2vnc_ui_controller.inc:2:13: warning: 'display_confirm_render_bitmap' defined but not used [-Wunused-function]
    2 | static void display_confirm_render_bitmap(void)
      |             ^~~~~~~~~~~~~~~~~~~~~~~~~~~~~
mips64r5900el-ps2-elf-gcc -D_EE -G0 -O2 -Wall -gdwarf-2 -gz  -I/usr/local/ps2dev/ps2sdk/ee/include -I/usr/local/ps2dev/ps2sdk/common/include -I. -I/usr/local/ps2dev/gsKit/include -c ps2vnc_display.c -o ps2vnc_display.o
In file included from ps2vnc_display.c:25:
ps2vnc_display_orchestration.inc: In function 'display_live_desktop':
ps2vnc_display_orchestration.inc:1596:13: error: implicit declaration of function 'display_menu_normalize_selection'; did you mean 'display_menu_mode_at_selection'? [-Wimplicit-function-declaration]
 1596 |             display_menu_normalize_selection();
      |             ^~~~~~~~~~~~~~~~~~~~~~~~~~~~~~~~
      |             display_menu_mode_at_selection
ps2vnc_display_orchestration.inc:1805:21: error: implicit declaration of function 'display_menu_tab_for_mode'; did you mean 'display_menu_selection_for_mode'? [-Wimplicit-function-declaration]
 1805 |                     display_menu_tab_for_mode(
      |                     ^~~~~~~~~~~~~~~~~~~~~~~~~
      |                     display_menu_selection_for_mode
ps2vnc_display_orchestration.inc:2198:21: error: implicit declaration of function 'display_restore_ack_render_bitmap' [-Wimplicit-function-declaration]
 2198 |                     display_restore_ack_render_bitmap();
      |                     ^~~~~~~~~~~~~~~~~~~~~~~~~~~~~~~~~
ps2vnc_display_orchestration.inc:2200:21: error: implicit declaration of function 'display_confirm_render_bitmap' [-Wimplicit-function-declaration]
 2200 |                     display_confirm_render_bitmap();
      |                     ^~~~~~~~~~~~~~~~~~~~~~~~~~~~~
ps2vnc_display_orchestration.inc:2202:21: error: implicit declaration of function 'system_menu_render_bitmap' [-Wimplicit-function-declaration]
 2202 |                     system_menu_render_bitmap();
      |                     ^~~~~~~~~~~~~~~~~~~~~~~~~
ps2vnc_display_orchestration.inc:2204:21: error: implicit declaration of function 'display_menu_render_bitmap' [-Wimplicit-function-declaration]
 2204 |                     display_menu_render_bitmap();
      |                     ^~~~~~~~~~~~~~~~~~~~~~~~~~
make: *** [/usr/local/ps2dev/ps2sdk/samples/Makefile.eeglobal:65: ps2vnc_display.o] Error 1
mips64r5900el-ps2-elf-gcc -D_EE -G0 -O2 -Wall -gdwarf-2 -gz  -I/usr/local/ps2dev/ps2sdk/ee/include -I/usr/local/ps2dev/ps2sdk/common/include -I. -I/usr/local/ps2dev/gsKit/include -c ps2vnc_services.c -o ps2vnc_services.o
In file included from ps2vnc_services.c:10:
ps2vnc_calibration_state.inc:687:12: warning: 'ps2vnc_startup_mode_save_to_pi' defined but not used [-Wunused-function]
  687 | static int ps2vnc_startup_mode_save_to_pi(
      |            ^~~~~~~~~~~~~~~~~~~~~~~~~~~~~~
mips64r5900el-ps2-elf-gcc -D_EE -G0 -O2 -Wall -gdwarf-2 -gz  -I/usr/local/ps2dev/ps2sdk/ee/include -I/usr/local/ps2dev/ps2sdk/common/include -I. -I/usr/local/ps2dev/gsKit/include -c ps2vnc_config_text.c -o ps2vnc_config_text.o
mips64r5900el-ps2-elf-gcc -D_EE -G0 -O2 -Wall -gdwarf-2 -gz  -I/usr/local/ps2dev/ps2sdk/ee/include -I/usr/local/ps2dev/ps2sdk/common/include -I. -I/usr/local/ps2dev/gsKit/include -c ps2vnc_identity.c -o ps2vnc_identity.o
mips64r5900el-ps2-elf-gcc \
	-D_EE \
	-DF_gsKit_hires_init_screen=1 \
	-G0 \
	-march=r5900 \
	-mhard-float \
	-msingle-float \
	-mno-llsc \
	-mno-shared \
	-mplt \
	-O2 \
	-g \
	-flto=auto \
	-fno-fat-lto-objects \
	-I/usr/local/ps2dev/gsKit/include \
	-I/usr/local/ps2dev/ps2sdk/ee/include \
	-I/usr/local/ps2dev/ps2sdk/common/include \
	-c ps2vnc_gsHires.c -o ps2vnc_gsHires.o
bin2c /usr/local/ps2dev/ps2sdk/iop/irx/ps2dev9.irx DEV9_irx.c DEV9_irx
mips64r5900el-ps2-elf-gcc -D_EE -G0 -O2 -Wall -gdwarf-2 -gz  -I/usr/local/ps2dev/ps2sdk/ee/include -I/usr/local/ps2dev/ps2sdk/common/include -I. -I/usr/local/ps2dev/gsKit/include -c DEV9_irx.c -o DEV9_irx.o
bin2c /usr/local/ps2dev/ps2sdk/iop/irx/netman.irx NETMAN_irx.c NETMAN_irx
mips64r5900el-ps2-elf-gcc -D_EE -G0 -O2 -Wall -gdwarf-2 -gz  -I/usr/local/ps2dev/ps2sdk/ee/include -I/usr/local/ps2dev/ps2sdk/common/include -I. -I/usr/local/ps2dev/gsKit/include -c NETMAN_irx.c -o NETMAN_irx.o
bin2c /usr/local/ps2dev/ps2sdk/iop/irx/smap.irx SMAP_irx.c SMAP_irx
mips64r5900el-ps2-elf-gcc -D_EE -G0 -O2 -Wall -gdwarf-2 -gz  -I/usr/local/ps2dev/ps2sdk/ee/include -I/usr/local/ps2dev/ps2sdk/common/include -I. -I/usr/local/ps2dev/gsKit/include -c SMAP_irx.c -o SMAP_irx.o
make: Target 'all' not remade because of errors.
