TESTKIT_ELF_IDENTITY_VERSION=1
ELF=/home/ps2/src/PS-to-VNC-wire-q1-q12-hardware-proof/build/experiments/wire-q1-q12-proof/runs/P4I-HW1-20260919T123629Z/PS2VNC-Wire-Q1Q12-P4I-HW1.ELF
ELF_IDENTITY_BLOB_OFFSET=376568
ELF_IDENTITY_TEST_ID=WIRE-Q1Q12-P4I-HW1
ELF_IDENTITY_SHA256=72fba47665590c07c0153a3b51a2a0a44b9f4462f3e852d3b12d6f6b3e855d49
ELF_FINAL_SHA256=d8775e025886699935c42fab90e526ef53cabcb537efe85d0e6612dafe12172f
TESTKIT_STAMP_ELF_IDENTITY=PASS
TESTKIT_ELF_IDENTITY_VERSION=1
ELF=/home/ps2/src/PS-to-VNC-wire-q1-q12-hardware-proof/build/experiments/wire-q1-q12-proof/runs/P4I-HW1-20260919T123629Z/PS2VNC-Wire-Q1Q12-P4I-HW1.ELF
ELF_IDENTITY_BLOB_OFFSET=376568
ELF_IDENTITY_TEST_ID=WIRE-Q1Q12-P4I-HW1
ELF_IDENTITY_SHA256=72fba47665590c07c0153a3b51a2a0a44b9f4462f3e852d3b12d6f6b3e855d49
ELF_FINAL_SHA256=d8775e025886699935c42fab90e526ef53cabcb537efe85d0e6612dafe12172f
TESTKIT_VERIFY_ELF_IDENTITY=PASS
WHOLE_ELF_SIZE_CHANGED=NO
WHOLE_ELF_CHANGED_BYTE_COUNT=78
WHOLE_ELF_FIRST_CHANGED_OFFSET=376585
WHOLE_ELF_LAST_CHANGED_OFFSET=376712
PT_LOAD_SIZE_CHANGED=NO
PT_LOAD_CHANGED_BYTE_COUNT=78
PT_LOAD_FIRST_CHANGED_OFFSET=376457
PT_LOAD_LAST_CHANGED_OFFSET=376584
TESTKIT_PREPARE_HARDWARE_ELF_VERSION=2
IDENTITY_TOOL_AUTHORITY=SUCCESSOR_REPOSITORY
PRISTINE_ELF=/home/ps2/src/PS-to-VNC-wire-q1-q12-hardware-proof/build/experiments/wire-q1-q12-proof/ps2/PS2VNC-Wire-Q1Q12-P4I-Cooperative-Idle-Yield.ELF
PRISTINE_ELF_SHA256=e6ff306b7a7774783ff55b2947c41dce2a7540e4d44cc4b80ebaa9b5ac96ef73
PRISTINE_ELF_BYTES=2436128
HARDWARE_TEST_ID=WIRE-Q1Q12-P4I-HW1
HARDWARE_ELF_IDENTITY_SHA256=72fba47665590c07c0153a3b51a2a0a44b9f4462f3e852d3b12d6f6b3e855d49
HARDWARE_STAMPED_ELF=/home/ps2/src/PS-to-VNC-wire-q1-q12-hardware-proof/build/experiments/wire-q1-q12-proof/runs/P4I-HW1-20260919T123629Z/PS2VNC-Wire-Q1Q12-P4I-HW1.ELF
HARDWARE_STAMPED_ELF_SHA256=d8775e025886699935c42fab90e526ef53cabcb537efe85d0e6612dafe12172f
HARDWARE_STAMPED_ELF_BYTES=2436128
PRISTINE_PT_LOAD_SHA256=8b9490d6956025c2f573d9660edb4e3b1fb4be2fd27c62fe6b83e654c20997fa
PRISTINE_PT_LOAD_BYTES=386824
HARDWARE_STAMPED_PT_LOAD_SHA256=aa49d91d08d50557561501df1a0b4308dbac3ffff73a040f9e42c8984d77a68e
HARDWARE_STAMPED_PT_LOAD_BYTES=386824
IDENTITY_STAMP_PT_LOAD_RELATION=NONIDENTICAL
IDENTITY_STAMP_REPRODUCIBLE=YES
TESTKIT_PREPARE_HARDWARE_ELF=PASS
