mips64r5900el-ps2-elf-gcc -D_EE -G0 -O2 -Wall -gdwarf-2 -gz  -I/usr/local/ps2dev/ps2sdk/ee/include -I/usr/local/ps2dev/ps2sdk/common/include -I. -I/usr/local/ps2dev/gsKit/include -I../../src -c ps2ip.c -o ps2ip.o
mips64r5900el-ps2-elf-gcc -D_EE -G0 -O2 -Wall -gdwarf-2 -gz  -I/usr/local/ps2dev/ps2sdk/ee/include -I/usr/local/ps2dev/ps2sdk/common/include -I. -I/usr/local/ps2dev/gsKit/include -I../../src -c ../../src/video/mode.c -o pstvnc_video_mode.o
mips64r5900el-ps2-elf-gcc -D_EE -G0 -O2 -Wall -gdwarf-2 -gz  -I/usr/local/ps2dev/ps2sdk/ee/include -I/usr/local/ps2dev/ps2sdk/common/include -I. -I/usr/local/ps2dev/gsKit/include -I../../src -c ../../src/video/geometry.c -o pstvnc_video_geometry.o
mips64r5900el-ps2-elf-gcc -D_EE -G0 -O2 -Wall -gdwarf-2 -gz  -I/usr/local/ps2dev/ps2sdk/ee/include -I/usr/local/ps2dev/ps2sdk/common/include -I. -I/usr/local/ps2dev/gsKit/include -I../../src -c ps2vnc_runtime.c -o ps2vnc_runtime.o
In file included from ps2vnc_runtime.c:24:
ps2vnc_runtime_core.inc:259:21: warning: 'hires_bg_storage_row' declared 'static' but never defined [-Wunused-function]
  259 | static unsigned int hires_bg_storage_row(unsigned int raster_y);
      |                     ^~~~~~~~~~~~~~~~~~~~
mips64r5900el-ps2-elf-gcc -D_EE -G0 -O2 -Wall -gdwarf-2 -gz  -I/usr/local/ps2dev/ps2sdk/ee/include -I/usr/local/ps2dev/ps2sdk/common/include -I. -I/usr/local/ps2dev/gsKit/include -I../../src -c ps2vnc_runtime_tail.c -o ps2vnc_runtime_tail.o
mips64r5900el-ps2-elf-gcc -D_EE -G0 -O2 -Wall -gdwarf-2 -gz  -I/usr/local/ps2dev/ps2sdk/ee/include -I/usr/local/ps2dev/ps2sdk/common/include -I. -I/usr/local/ps2dev/gsKit/include -I../../src -c ps2vnc_framebuffer.c -o ps2vnc_framebuffer.o
In file included from ps2vnc_framebuffer.c:19:
ps2vnc_framebuffer_core.inc:1158:12: warning: 'sync_copy_hires_region' defined but not used [-Wunused-function]
 1158 | static int sync_copy_hires_region(
      |            ^~~~~~~~~~~~~~~~~~~~~~
mips64r5900el-ps2-elf-gcc -D_EE -G0 -O2 -Wall -gdwarf-2 -gz  -I/usr/local/ps2dev/ps2sdk/ee/include -I/usr/local/ps2dev/ps2sdk/common/include -I. -I/usr/local/ps2dev/gsKit/include -I../../src -c ps2vnc_framebuffer_tail.c -o ps2vnc_framebuffer_tail.o
In file included from ps2vnc_framebuffer_tail.c:20:
ps2vnc_framebuffer_tail.inc:1052:12: warning: 'update_hires_background_region' defined but not used [-Wunused-function]
 1052 | static int update_hires_background_region(
      |            ^~~~~~~~~~~~~~~~~~~~~~~~~~~~~~
mips64r5900el-ps2-elf-gcc -D_EE -G0 -O2 -Wall -gdwarf-2 -gz  -I/usr/local/ps2dev/ps2sdk/ee/include -I/usr/local/ps2dev/ps2sdk/common/include -I. -I/usr/local/ps2dev/gsKit/include -I../../src -c ps2vnc_ui_display.c -o ps2vnc_ui_display.o
mips64r5900el-ps2-elf-gcc -D_EE -G0 -O2 -Wall -gdwarf-2 -gz  -I/usr/local/ps2dev/ps2sdk/ee/include -I/usr/local/ps2dev/ps2sdk/common/include -I. -I/usr/local/ps2dev/gsKit/include -I../../src -c ps2vnc_ui_tail.c -o ps2vnc_ui_tail.o
mips64r5900el-ps2-elf-gcc -D_EE -G0 -O2 -Wall -gdwarf-2 -gz  -I/usr/local/ps2dev/ps2sdk/ee/include -I/usr/local/ps2dev/ps2sdk/common/include -I. -I/usr/local/ps2dev/gsKit/include -I../../src -c ps2vnc_display.c -o ps2vnc_display.o
mips64r5900el-ps2-elf-gcc -D_EE -G0 -O2 -Wall -gdwarf-2 -gz  -I/usr/local/ps2dev/ps2sdk/ee/include -I/usr/local/ps2dev/ps2sdk/common/include -I. -I/usr/local/ps2dev/gsKit/include -I../../src -c ps2vnc_display_tail.c -o ps2vnc_display_tail.o
mips64r5900el-ps2-elf-gcc -D_EE -G0 -O2 -Wall -gdwarf-2 -gz  -I/usr/local/ps2dev/ps2sdk/ee/include -I/usr/local/ps2dev/ps2sdk/common/include -I. -I/usr/local/ps2dev/gsKit/include -I../../src -c ps2vnc_services.c -o ps2vnc_services.o
In file included from ps2vnc_services.c:11:
ps2vnc_calibration_core.inc:689:12: warning: 'ps2vnc_startup_mode_save_to_pi' defined but not used [-Wunused-function]
  689 | static int ps2vnc_startup_mode_save_to_pi(
      |            ^~~~~~~~~~~~~~~~~~~~~~~~~~~~~~
mips64r5900el-ps2-elf-gcc -D_EE -G0 -O2 -Wall -gdwarf-2 -gz  -I/usr/local/ps2dev/ps2sdk/ee/include -I/usr/local/ps2dev/ps2sdk/common/include -I. -I/usr/local/ps2dev/gsKit/include -I../../src -c ps2vnc_management_tail.c -o ps2vnc_management_tail.o
mips64r5900el-ps2-elf-gcc -D_EE -G0 -O2 -Wall -gdwarf-2 -gz  -I/usr/local/ps2dev/ps2sdk/ee/include -I/usr/local/ps2dev/ps2sdk/common/include -I. -I/usr/local/ps2dev/gsKit/include -I../../src -c ps2vnc_calibration_tail.c -o ps2vnc_calibration_tail.o
mips64r5900el-ps2-elf-gcc -D_EE -G0 -O2 -Wall -gdwarf-2 -gz  -I/usr/local/ps2dev/ps2sdk/ee/include -I/usr/local/ps2dev/ps2sdk/common/include -I. -I/usr/local/ps2dev/gsKit/include -I../../src -c ../../src/config/text.c -o pstvnc_config_text.o
mips64r5900el-ps2-elf-gcc -D_EE -G0 -O2 -Wall -gdwarf-2 -gz  -I/usr/local/ps2dev/ps2sdk/ee/include -I/usr/local/ps2dev/ps2sdk/common/include -I. -I/usr/local/ps2dev/gsKit/include -I../../src -c ps2vnc_identity.c -o ps2vnc_identity.o
mips64r5900el-ps2-elf-gcc \
	-D_EE \
	-DF_gsKit_hires_init_screen=1 \
	-G0 \
	-march=r5900 \
	-mhard-float \
	-msingle-float \
	-mno-llsc \
	-mno-shared \
	-mplt \
	-O2 \
	-g \
	-flto=auto \
	-fno-fat-lto-objects \
	-I/usr/local/ps2dev/gsKit/include \
	-I/usr/local/ps2dev/ps2sdk/ee/include \
	-I/usr/local/ps2dev/ps2sdk/common/include \
	-c ps2vnc_gsHires.c -o ps2vnc_gsHires.o
bin2c /usr/local/ps2dev/ps2sdk/iop/irx/ps2dev9.irx DEV9_irx.c DEV9_irx
mips64r5900el-ps2-elf-gcc -D_EE -G0 -O2 -Wall -gdwarf-2 -gz  -I/usr/local/ps2dev/ps2sdk/ee/include -I/usr/local/ps2dev/ps2sdk/common/include -I. -I/usr/local/ps2dev/gsKit/include -I../../src -c DEV9_irx.c -o DEV9_irx.o
bin2c /usr/local/ps2dev/ps2sdk/iop/irx/netman.irx NETMAN_irx.c NETMAN_irx
mips64r5900el-ps2-elf-gcc -D_EE -G0 -O2 -Wall -gdwarf-2 -gz  -I/usr/local/ps2dev/ps2sdk/ee/include -I/usr/local/ps2dev/ps2sdk/common/include -I. -I/usr/local/ps2dev/gsKit/include -I../../src -c NETMAN_irx.c -o NETMAN_irx.o
bin2c /usr/local/ps2dev/ps2sdk/iop/irx/smap.irx SMAP_irx.c SMAP_irx
mips64r5900el-ps2-elf-gcc -D_EE -G0 -O2 -Wall -gdwarf-2 -gz  -I/usr/local/ps2dev/ps2sdk/ee/include -I/usr/local/ps2dev/ps2sdk/common/include -I. -I/usr/local/ps2dev/gsKit/include -I../../src -c SMAP_irx.c -o SMAP_irx.o
mips64r5900el-ps2-elf-gcc -T/usr/local/ps2dev/ps2sdk/ee/startup/linkfile -O2 -o PS2VNC.ELF ps2ip.o pstvnc_video_mode.o pstvnc_video_geometry.o ps2vnc_runtime.o ps2vnc_runtime_tail.o ps2vnc_framebuffer.o ps2vnc_framebuffer_tail.o ps2vnc_ui_display.o ps2vnc_ui_tail.o ps2vnc_display.o ps2vnc_display_tail.o ps2vnc_services.o ps2vnc_management_tail.o ps2vnc_calibration_tail.o pstvnc_config_text.o ps2vnc_identity.o ps2vnc_gsHires.o DEV9_irx.o NETMAN_irx.o SMAP_irx.o -L/usr/local/ps2dev/ps2sdk/ee/lib -Wl,-zmax-page-size=128   -L/usr/local/ps2dev/gsKit/lib -lgskit -ldmakit -lpad -lnetman build/deps/libps2ip_mtu1458_wscale128.a -ldebug -lpatches -Wl,--wrap=sendto
BUILD_RESULT=PASS
ELF_PATH=/tmp/pstvnc-m4h3b-build1/working/b4a/PS2VNC.ELF
42163c30b68ebf84b51b1c8c81d541017e64ffaa52e27bb0408f91edb25e2992  /tmp/pstvnc-m4h3b-build1/working/b4a/PS2VNC.ELF
